// Jest Snapshot v1, https://goo.gl/fbAQLP

exports[`render properly the button component 1`] = `
<button
  className="sc-AxjAm eOThmB"
>
  Sign In
</button>
`;
